<testsuites name="results">
  <testsuite name="all" package="all">
    <property name="random_seed" value="1790442139" />
    <testcase name="SyncFifoResetTest" classname="test_fifo_sync" file="/home/ibala1206/Design_Work/Eric_olson_Work/Agentic/cocotb/pycharm/lesson2_pycharm_run/.venv/lib/python3.13/site-packages/pyuvm/extension_classes.py" lineno="453" time="0.0067157745361328125" sim_time_ns="80.0" ratio_time="11912.252201079238" />
    <testcase name="SyncFifoFillDrainTest" classname="test_fifo_sync" file="/home/ibala1206/Design_Work/Eric_olson_Work/Agentic/cocotb/pycharm/lesson2_pycharm_run/.venv/lib/python3.13/site-packages/pyuvm/extension_classes.py" lineno="458" time="0.008208036422729492" sim_time_ns="270.0" ratio_time="32894.59087344236" />
    <testcase name="SyncFifoOverflowTest" classname="test_fifo_sync" file="/home/ibala1206/Design_Work/Eric_olson_Work/Agentic/cocotb/pycharm/lesson2_pycharm_run/.venv/lib/python3.13/site-packages/pyuvm/extension_classes.py" lineno="463" time="0.008380413055419922" sim_time_ns="279.99999999999994" ratio_time="33411.24096728307" />
    <testcase name="SyncFifoUnderflowTest" classname="test_fifo_sync" file="/home/ibala1206/Design_Work/Eric_olson_Work/Agentic/cocotb/pycharm/lesson2_pycharm_run/.venv/lib/python3.13/site-packages/pyuvm/extension_classes.py" lineno="468" time="0.007481098175048828" sim_time_ns="180.0" ratio_time="24060.638664032125" />
    <testcase name="SyncFifoSimultaneousRWTest" classname="test_fifo_sync" file="/home/ibala1206/Design_Work/Eric_olson_Work/Agentic/cocotb/pycharm/lesson2_pycharm_run/.venv/lib/python3.13/site-packages/pyuvm/extension_classes.py" lineno="473" time="0.011214733123779297" sim_time_ns="429.9999999999999" ratio_time="38342.419320549336" />
    <testcase name="SyncFifoWrapAroundTest" classname="test_fifo_sync" file="/home/ibala1206/Design_Work/Eric_olson_Work/Agentic/cocotb/pycharm/lesson2_pycharm_run/.venv/lib/python3.13/site-packages/pyuvm/extension_classes.py" lineno="478" time="0.014232635498046875" sim_time_ns="660.0" ratio_time="46372.29697132136" />
    <testcase name="SyncFifoResetMidOperationTest" classname="test_fifo_sync" file="/home/ibala1206/Design_Work/Eric_olson_Work/Agentic/cocotb/pycharm/lesson2_pycharm_run/.venv/lib/python3.13/site-packages/pyuvm/extension_classes.py" lineno="483" time="0.009102582931518555" sim_time_ns="309.9999999999998" ratio_time="34056.267581654814" />
    <testcase name="SyncFifoSimultaneousRWLastSlotTest" classname="test_fifo_sync" file="/home/ibala1206/Design_Work/Eric_olson_Work/Agentic/cocotb/pycharm/lesson2_pycharm_run/.venv/lib/python3.13/site-packages/pyuvm/extension_classes.py" lineno="488" time="0.013173103332519531" sim_time_ns="410.0" ratio_time="31124.025193658148">
      <failure error_type="AssertionError" error_msg="Scoreboard found 26 mismatches&#10;assert 26 == 0" />
    </testcase>
    <testcase name="SyncFifoRandomTest" classname="test_fifo_sync" file="/home/ibala1206/Design_Work/Eric_olson_Work/Agentic/cocotb/pycharm/lesson2_pycharm_run/.venv/lib/python3.13/site-packages/pyuvm/extension_classes.py" lineno="493" time="0.13680744171142578" sim_time_ns="10210.0" ratio_time="74630.44314165616" />
  </testsuite>
</testsuites>